// Jest Snapshot v1, https://goo.gl/fbAQLP

exports[`Spock ETL should work for past events 1`] = `
Object {
  "blocks": Array [
    Object {
      "hash": "0x293ae2fadcf3c723323b5bf3c9f12d7582ec0037b32bfb0ddce1b6dfba6422b8",
      "id": 1,
      "number": 8219360,
      "timestamp": 2019-07-25T10:48:05.000Z,
    },
    Object {
      "hash": "0x65a6477064162ddfafe9f65b24e2bb5f516e71ec92289a4cb0964ecbb5fadc64",
      "id": 2,
      "number": 8219361,
      "timestamp": 2019-07-25T10:48:14.000Z,
    },
    Object {
      "hash": "0x83b165171de1c847baecb4f2516d8361fccc992ba1ff6864b9cf96dd95224cbc",
      "id": 3,
      "number": 8219362,
      "timestamp": 2019-07-25T10:48:27.000Z,
    },
    Object {
      "hash": "0x291c28da6ef5128fb59b513f50687461e9937c512152d46b1c96b780e1667ea3",
      "id": 4,
      "number": 8219363,
      "timestamp": 2019-07-25T10:48:39.000Z,
    },
    Object {
      "hash": "0x4bbc0303090cca87ed31a1dcee5f08a4c09f72b4101a6ae454f2e249897dce4c",
      "id": 5,
      "number": 8219364,
      "timestamp": 2019-07-25T10:48:47.000Z,
    },
    Object {
      "hash": "0x9caf39a7fb63883e5e37b5f28efe698cf1b602d2964e262d8fa31528ce85e125",
      "id": 6,
      "number": 8219365,
      "timestamp": 2019-07-25T10:49:34.000Z,
    },
    Object {
      "hash": "0x462e7980983a535be331a9d02d90b3c80a1ec361abef194d390eba5a5afd4d19",
      "id": 7,
      "number": 8219366,
      "timestamp": 2019-07-25T10:50:18.000Z,
    },
    Object {
      "hash": "0x960a8fa62cb155657b8a85380f6607b74f7c28cfad0ef349b500bb89113192ac",
      "id": 8,
      "number": 8219367,
      "timestamp": 2019-07-25T10:50:49.000Z,
    },
    Object {
      "hash": "0x4b2b14754e64b095d5440d00474c5ed0e8461d742b87da352b756f6e6dbc4d9c",
      "id": 9,
      "number": 8219368,
      "timestamp": 2019-07-25T10:51:21.000Z,
    },
    Object {
      "hash": "0xc4a13e678216e45771762caa53dedc2f994690030d81885431be4c571c90600d",
      "id": 10,
      "number": 8219369,
      "timestamp": 2019-07-25T10:51:43.000Z,
    },
    Object {
      "hash": "0x3331e323639c23387102502448455b893aaa7ca202a06166d45fa3586643b288",
      "id": 11,
      "number": 8219370,
      "timestamp": 2019-07-25T10:51:56.000Z,
    },
    Object {
      "hash": "0x8ca893b832d0d51a0e67d6486046d6f780f1e7d798d9ccb78f093c2782912b7b",
      "id": 12,
      "number": 8219371,
      "timestamp": 2019-07-25T10:52:21.000Z,
    },
    Object {
      "hash": "0x89bb2fef936511f5a2fb881666d594cd65e9031354e2b1dbe23f1ae442655371",
      "id": 13,
      "number": 8219372,
      "timestamp": 2019-07-25T10:52:23.000Z,
    },
    Object {
      "hash": "0x89d9efd2f9ccea2c2ecfe59f2fd81e624f999b253c790818c647ac23c484d384",
      "id": 14,
      "number": 8219373,
      "timestamp": 2019-07-25T10:52:35.000Z,
    },
    Object {
      "hash": "0x2400552fec2d439f7ed4434c20a17de49635b5a50c264947b2d910ba72c8d473",
      "id": 15,
      "number": 8219374,
      "timestamp": 2019-07-25T10:52:43.000Z,
    },
    Object {
      "hash": "0x17532931f58d5368d13c9199aafd635461d1a3292350bbdf8181fb24fc4f7677",
      "id": 16,
      "number": 8219375,
      "timestamp": 2019-07-25T10:52:49.000Z,
    },
    Object {
      "hash": "0x6dbe80f4e2e0130afffb7abc50cd97baf025ea1bbe9916255ba7e3641762df2b",
      "id": 17,
      "number": 8219376,
      "timestamp": 2019-07-25T10:52:56.000Z,
    },
    Object {
      "hash": "0xef39511e557d1e39937e2aaeb858e61d79ce4cff8705fb6581f4dd8b1bf05557",
      "id": 18,
      "number": 8219377,
      "timestamp": 2019-07-25T10:53:02.000Z,
    },
    Object {
      "hash": "0xb7d9758ed6a4cd989123885720c365bf4bd62ac1c70fbe2204adeae03d1e3ba6",
      "id": 19,
      "number": 8219378,
      "timestamp": 2019-07-25T10:53:07.000Z,
    },
    Object {
      "hash": "0x8770a9f0c9baf9c070e8bffc3fc5e635c4c574d7b884656043a2b73e8c6341a6",
      "id": 20,
      "number": 8219379,
      "timestamp": 2019-07-25T10:53:23.000Z,
    },
    Object {
      "hash": "0x39bb7cf5683d892964f1ced37e14d6dfc83675b4d5a69b712037814852865f61",
      "id": 21,
      "number": 8219380,
      "timestamp": 2019-07-25T10:53:50.000Z,
    },
    Object {
      "hash": "0xf7cc370260aa287489f3a4b27464a2d4288ae1970464401cbd7e1ab7742e49f5",
      "id": 22,
      "number": 8219381,
      "timestamp": 2019-07-25T10:54:03.000Z,
    },
    Object {
      "hash": "0x6308d5ee4d0a7aae21ae3c696f5d2af318a4593fb4b2174c15a0b57dfa055aa2",
      "id": 23,
      "number": 8219382,
      "timestamp": 2019-07-25T10:54:13.000Z,
    },
    Object {
      "hash": "0xbf9eb13f22bfa0e98a39dbcab7b4ef7bde281ac7338843a26893db8a10d8d219",
      "id": 24,
      "number": 8219383,
      "timestamp": 2019-07-25T10:54:15.000Z,
    },
    Object {
      "hash": "0x1c7dd0047d206d5ae2879bdfa7c5899dfa3fb67bb5dcee10ae7bc7d11a6821a9",
      "id": 25,
      "number": 8219384,
      "timestamp": 2019-07-25T10:54:17.000Z,
    },
    Object {
      "hash": "0x90415f5bf87b681e40b59a65a17584658a6d3465fdd7359015f3241c724500ee",
      "id": 26,
      "number": 8219385,
      "timestamp": 2019-07-25T10:54:45.000Z,
    },
    Object {
      "hash": "0x0a1fff72119316295e201854f716a24e37e2f9d7c5416a26f540d5f1c3670368",
      "id": 27,
      "number": 8219386,
      "timestamp": 2019-07-25T10:55:15.000Z,
    },
    Object {
      "hash": "0x8e9f6bb7e58d655f6c49d520609e7ea7e1cfca140f2defc582fc4067f6814f56",
      "id": 28,
      "number": 8219387,
      "timestamp": 2019-07-25T10:55:20.000Z,
    },
    Object {
      "hash": "0x42e4061448288320cf3c5c210d1583a7fa0d3381e400c308af6435129283ab03",
      "id": 29,
      "number": 8219388,
      "timestamp": 2019-07-25T10:55:23.000Z,
    },
    Object {
      "hash": "0x70f159ec5be8118b64a8e0bdaf515583ad15186709cf63eb97803671829c66de",
      "id": 30,
      "number": 8219389,
      "timestamp": 2019-07-25T10:55:41.000Z,
    },
    Object {
      "hash": "0x58da386c13adb80909d774ec24287c9c70623d3eabd17bfb623e806e4371fb37",
      "id": 31,
      "number": 8219390,
      "timestamp": 2019-07-25T10:55:43.000Z,
    },
    Object {
      "hash": "0x4d71be944d77634533fc4b5316effc5239d2faabab865240ee6dce5cd65cc033",
      "id": 32,
      "number": 8219391,
      "timestamp": 2019-07-25T10:55:48.000Z,
    },
    Object {
      "hash": "0x9119c9b365f3757c01ecfa29895429b99238621afb2eeda3027a78886dea85df",
      "id": 33,
      "number": 8219392,
      "timestamp": 2019-07-25T10:55:59.000Z,
    },
    Object {
      "hash": "0x202e8605898d25587cb3ac2b525951931045a521de3da0e88bd167a74e7fff5f",
      "id": 34,
      "number": 8219393,
      "timestamp": 2019-07-25T10:56:04.000Z,
    },
    Object {
      "hash": "0x82d3f3e244240fc1a4ad106cd9dc55387ac1adf4a2e2e61e573dc5eca6f3eb68",
      "id": 35,
      "number": 8219394,
      "timestamp": 2019-07-25T10:56:07.000Z,
    },
    Object {
      "hash": "0x12215fcd01b5a1dd9ccf1e432b396a3e5b0110becc2caa5e7f5ed24ff9ae2613",
      "id": 36,
      "number": 8219395,
      "timestamp": 2019-07-25T10:56:12.000Z,
    },
    Object {
      "hash": "0xe6067522a4afc5c236ed082aca6c255d00d5694b1023bc7d4e6c4e675d44f3bc",
      "id": 37,
      "number": 8219396,
      "timestamp": 2019-07-25T10:56:25.000Z,
    },
    Object {
      "hash": "0x23b279b40d3e2a982ec726296a00b1471ce58f61d6aadfe93516a907518f44aa",
      "id": 38,
      "number": 8219397,
      "timestamp": 2019-07-25T10:56:39.000Z,
    },
    Object {
      "hash": "0x84d1ad4a7fd8969a937b323fd92ecd3caab36ce74df5b60717cec080d65243db",
      "id": 39,
      "number": 8219398,
      "timestamp": 2019-07-25T10:56:54.000Z,
    },
    Object {
      "hash": "0xf242f926528353475616b143fe9b4b509d730c0b096105136ffaf344508d642f",
      "id": 40,
      "number": 8219399,
      "timestamp": 2019-07-25T10:57:02.000Z,
    },
  ],
  "extracted_logs": Array [
    Object {
      "block_id": 1,
      "data": "0x0000000000000000000000000000000000000000000004c3ba39c5e411100000",
      "log_index": 27,
      "topics": "{0xddf252ad1be2c89b69c2b068fc378daa952ba7f163c4a11628f55a4df523b3ef,0x00000000000000000000000039755357759ce0d7f32dc8dc45414cca409ae24e,0x0000000000000000000000002cedf8de3933d71c77bf3c08b8d1af32545d9b0d}",
    },
    Object {
      "block_id": 2,
      "data": "0x000000000000000000000000000000000000000000000004bb8c596caf250000",
      "log_index": 34,
      "topics": "{0xddf252ad1be2c89b69c2b068fc378daa952ba7f163c4a11628f55a4df523b3ef,0x00000000000000000000000059a5208b32e627891c389ebafc644145224006e8,0x000000000000000000000000e5efb5dfd25f7410f80d40eac87ab68b57c64f7a}",
    },
    Object {
      "block_id": 2,
      "data": "0x0000000000000000000000000000000000000000000000015af1d78b58c40000",
      "log_index": 103,
      "topics": "{0xddf252ad1be2c89b69c2b068fc378daa952ba7f163c4a11628f55a4df523b3ef,0x00000000000000000000000035d04f4f70f39d402ba2c2a93180e700b0a5611c,0x0000000000000000000000009ae49c0d7f8f9ef4b864e004fe86ac8294e20950}",
    },
    Object {
      "block_id": 2,
      "data": "0x0000000000000000000000000000000000000000000000015af1d78b58c40000",
      "log_index": 104,
      "topics": "{0xddf252ad1be2c89b69c2b068fc378daa952ba7f163c4a11628f55a4df523b3ef,0x0000000000000000000000009ae49c0d7f8f9ef4b864e004fe86ac8294e20950,0x00000000000000000000000004a487afd662c4f9deacc07a7b10cfb686b682a4}",
    },
    Object {
      "block_id": 3,
      "data": "0x00000000000000000000000000000000000000000000000091b774b1893286f2",
      "log_index": 27,
      "topics": "{0x8c5be1e5ebec7d5bd14f71427d1e84f3dd0314c0f7b2291e5b200ac8c7c3b925,0x0000000000000000000000002c6d8db004888c411766cd2d9b3b250c2a8733d4,0x000000000000000000000000818e6fecd516ecc3849daf6845e3ec868087b755}",
    },
    Object {
      "block_id": 3,
      "data": "0x00000000000000000000000000000000000000000000000091b774b1893286f2",
      "log_index": 29,
      "topics": "{0xddf252ad1be2c89b69c2b068fc378daa952ba7f163c4a11628f55a4df523b3ef,0x0000000000000000000000002c6d8db004888c411766cd2d9b3b250c2a8733d4,0x0000000000000000000000009ae49c0d7f8f9ef4b864e004fe86ac8294e20950}",
    },
    Object {
      "block_id": 3,
      "data": "0x00000000000000000000000000000000000000000000000091b774b1893286f2",
      "log_index": 30,
      "topics": "{0xddf252ad1be2c89b69c2b068fc378daa952ba7f163c4a11628f55a4df523b3ef,0x0000000000000000000000009ae49c0d7f8f9ef4b864e004fe86ac8294e20950,0x00000000000000000000000004a487afd662c4f9deacc07a7b10cfb686b682a4}",
    },
    Object {
      "block_id": 5,
      "data": "0x0000000000000000000000000000000000000000000002bab52448f60664ec00",
      "log_index": 41,
      "topics": "{0xddf252ad1be2c89b69c2b068fc378daa952ba7f163c4a11628f55a4df523b3ef,0x00000000000000000000000039755357759ce0d7f32dc8dc45414cca409ae24e,0x000000000000000000000000b3fa5ba98fdb56e493c4c362920289a42948294e}",
    },
    Object {
      "block_id": 5,
      "data": "0x0000000000000000000000000000000000000000000002bab52447e2666a6e00",
      "log_index": 48,
      "topics": "{0xddf252ad1be2c89b69c2b068fc378daa952ba7f163c4a11628f55a4df523b3ef,0x000000000000000000000000b3fa5ba98fdb56e493c4c362920289a42948294e,0x00000000000000000000000039755357759ce0d7f32dc8dc45414cca409ae24e}",
    },
    Object {
      "block_id": 6,
      "data": "0x000000000000000000000000000000000000000000000000b4691ac10e117fae",
      "log_index": 18,
      "topics": "{0x0f6798a560793a54c3bcfe86a93cde1e73087d944c0ea20544137d4121396885,0x0000000000000000000000001a92100c109e4cf051373137c08f8dad2b444e5a}",
    },
    Object {
      "block_id": 6,
      "data": "0x00000000000000000000000000000000000000000000000796e3ea3f8ab00000",
      "log_index": 172,
      "topics": "{0xddf252ad1be2c89b69c2b068fc378daa952ba7f163c4a11628f55a4df523b3ef,0x0000000000000000000000001c1a1cd7a12b8403046b0d993bfb6cb7d525b4b3,0x00000000000000000000000009cabec1ead1c0ba254b09efb3ee13841712be14}",
    },
    Object {
      "block_id": 8,
      "data": "0x00000000000000000000000000000000000000000000021e19e0c9bab2400000",
      "log_index": 26,
      "topics": "{0xddf252ad1be2c89b69c2b068fc378daa952ba7f163c4a11628f55a4df523b3ef,0x0000000000000000000000001f487a4435f3b730d742aa4b6ef8c9e0a6b9a027,0x00000000000000000000000039755357759ce0d7f32dc8dc45414cca409ae24e}",
    },
    Object {
      "block_id": 9,
      "data": "0x0000000000000000000000000000000000000000000000006f05abf066b886f2",
      "log_index": 129,
      "topics": "{0xddf252ad1be2c89b69c2b068fc378daa952ba7f163c4a11628f55a4df523b3ef,0x00000000000000000000000009cabec1ead1c0ba254b09efb3ee13841712be14,0x0000000000000000000000002c6d8db004888c411766cd2d9b3b250c2a8733d4}",
    },
    Object {
      "block_id": 9,
      "data": "0x0000000000000000000000000000000000000000000000006f05abf066b886f2",
      "log_index": 132,
      "topics": "{0x8c5be1e5ebec7d5bd14f71427d1e84f3dd0314c0f7b2291e5b200ac8c7c3b925,0x0000000000000000000000002c6d8db004888c411766cd2d9b3b250c2a8733d4,0x000000000000000000000000448a5065aebb8e423f0896e6c5d525c040f59af3}",
    },
    Object {
      "block_id": 9,
      "data": "0x0000000000000000000000000000000000000000000000006f05abf066b886f2",
      "log_index": 143,
      "topics": "{0xcc16f5dbb4873280815c1ee09dbd06736cffcc184412cf7a71a0fdb75d397ca5,0x0000000000000000000000002c6d8db004888c411766cd2d9b3b250c2a8733d4}",
    },
    Object {
      "block_id": 10,
      "data": "0x00000000000000000000000000000000000000000000021e19e0c9bab2400000",
      "log_index": 167,
      "topics": "{0xddf252ad1be2c89b69c2b068fc378daa952ba7f163c4a11628f55a4df523b3ef,0x0000000000000000000000001f487a4435f3b730d742aa4b6ef8c9e0a6b9a027,0x00000000000000000000000039755357759ce0d7f32dc8dc45414cca409ae24e}",
    },
    Object {
      "block_id": 10,
      "data": "0x0000000000000000000000000000000000000000000000772151f4cdca387d00",
      "log_index": 210,
      "topics": "{0xddf252ad1be2c89b69c2b068fc378daa952ba7f163c4a11628f55a4df523b3ef,0x00000000000000000000000039755357759ce0d7f32dc8dc45414cca409ae24e,0x000000000000000000000000ad9eb619ce1033cc710d9f9806a2330f85875f22}",
    },
    Object {
      "block_id": 11,
      "data": "0x00000000000000000000000000000000000000000000016522861751f5109880",
      "log_index": 20,
      "topics": "{0xddf252ad1be2c89b69c2b068fc378daa952ba7f163c4a11628f55a4df523b3ef,0x00000000000000000000000039755357759ce0d7f32dc8dc45414cca409ae24e,0x000000000000000000000000ad9eb619ce1033cc710d9f9806a2330f85875f22}",
    },
    Object {
      "block_id": 11,
      "data": "0x000000000000000000000000000000000000000000000077545571e6dc928000",
      "log_index": 23,
      "topics": "{0xddf252ad1be2c89b69c2b068fc378daa952ba7f163c4a11628f55a4df523b3ef,0x000000000000000000000000ad9eb619ce1033cc710d9f9806a2330f85875f22,0x00000000000000000000000039755357759ce0d7f32dc8dc45414cca409ae24e}",
    },
    Object {
      "block_id": 11,
      "data": "0x0000000000000000000000000000000000000000000000ef9b0d15f2dd6bc000",
      "log_index": 27,
      "topics": "{0xddf252ad1be2c89b69c2b068fc378daa952ba7f163c4a11628f55a4df523b3ef,0x000000000000000000000000ffec0067f5a79cff07527f63d83dd5462ccf8ba4,0x0000000000000000000000007256d5e0dda6a1b5b3ea3d33c93a339fcfb214da}",
    },
    Object {
      "block_id": 12,
      "data": "0x00000000000000000000000000000000000000000000021e19e0c9bab2400000",
      "log_index": 38,
      "topics": "{0xddf252ad1be2c89b69c2b068fc378daa952ba7f163c4a11628f55a4df523b3ef,0x00000000000000000000000039755357759ce0d7f32dc8dc45414cca409ae24e,0x0000000000000000000000001f487a4435f3b730d742aa4b6ef8c9e0a6b9a027}",
    },
    Object {
      "block_id": 14,
      "data": "0x00000000000000000000000000000000000000000000021e19e0c9bab2400000",
      "log_index": 24,
      "topics": "{0xddf252ad1be2c89b69c2b068fc378daa952ba7f163c4a11628f55a4df523b3ef,0x0000000000000000000000001f487a4435f3b730d742aa4b6ef8c9e0a6b9a027,0x00000000000000000000000039755357759ce0d7f32dc8dc45414cca409ae24e}",
    },
    Object {
      "block_id": 14,
      "data": "0x0000000000000000000000000000000000000000000000771f88e6b989c84800",
      "log_index": 35,
      "topics": "{0xddf252ad1be2c89b69c2b068fc378daa952ba7f163c4a11628f55a4df523b3ef,0x000000000000000000000000ad9eb619ce1033cc710d9f9806a2330f85875f22,0x00000000000000000000000039755357759ce0d7f32dc8dc45414cca409ae24e}",
    },
    Object {
      "block_id": 15,
      "data": "0x0000000000000000000000000000000000000000000000032e07deda5146508e",
      "log_index": 3,
      "topics": "{0xddf252ad1be2c89b69c2b068fc378daa952ba7f163c4a11628f55a4df523b3ef,0x00000000000000000000000009cabec1ead1c0ba254b09efb3ee13841712be14,0x000000000000000000000000f2b7b6a05d2e065754d5e1f56ec5f11d2154ecbc}",
    },
    Object {
      "block_id": 15,
      "data": "0xffffffffffffffffffffffffffffffffffffffffffffffffffffffffffffffff",
      "log_index": 5,
      "topics": "{0x8c5be1e5ebec7d5bd14f71427d1e84f3dd0314c0f7b2291e5b200ac8c7c3b925,0x000000000000000000000000f2b7b6a05d2e065754d5e1f56ec5f11d2154ecbc,0x000000000000000000000000f5dce57282a584d2746faf1593d3121fcac444dc}",
    },
    Object {
      "block_id": 15,
      "data": "0x0000000000000000000000000000000000000000000000032e07deda5146508e",
      "log_index": 8,
      "topics": "{0xddf252ad1be2c89b69c2b068fc378daa952ba7f163c4a11628f55a4df523b3ef,0x000000000000000000000000f2b7b6a05d2e065754d5e1f56ec5f11d2154ecbc,0x000000000000000000000000f5dce57282a584d2746faf1593d3121fcac444dc}",
    },
    Object {
      "block_id": 15,
      "data": "0x000000000000000000000000000000000000000000000008fe0cac4dc2206a05",
      "log_index": 33,
      "topics": "{0xddf252ad1be2c89b69c2b068fc378daa952ba7f163c4a11628f55a4df523b3ef,0x00000000000000000000000004a487afd662c4f9deacc07a7b10cfb686b682a4,0x0000000000000000000000009ae49c0d7f8f9ef4b864e004fe86ac8294e20950}",
    },
    Object {
      "block_id": 15,
      "data": "0x000000000000000000000000000000000000000000000008fe0cac4dc2206a05",
      "log_index": 35,
      "topics": "{0xddf252ad1be2c89b69c2b068fc378daa952ba7f163c4a11628f55a4df523b3ef,0x0000000000000000000000009ae49c0d7f8f9ef4b864e004fe86ac8294e20950,0x000000000000000000000000473ff8de40b3e93ef92de783fc7442d3943623ac}",
    },
    Object {
      "block_id": 15,
      "data": "0x000000000000000000000000000000000000000000000016c99d50fafe929a7c",
      "log_index": 159,
      "topics": "{0xddf252ad1be2c89b69c2b068fc378daa952ba7f163c4a11628f55a4df523b3ef,0x000000000000000000000000322d58b9e75a6918f7e7849aee0ff09369977e08,0x000000000000000000000000f5dce57282a584d2746faf1593d3121fcac444dc}",
    },
    Object {
      "block_id": 16,
      "data": "0x0000000000000000000000000000000000000000000004c3ba39c5e411100000",
      "log_index": 23,
      "topics": "{0xddf252ad1be2c89b69c2b068fc378daa952ba7f163c4a11628f55a4df523b3ef,0x00000000000000000000000039755357759ce0d7f32dc8dc45414cca409ae24e,0x0000000000000000000000002cedf8de3933d71c77bf3c08b8d1af32545d9b0d}",
    },
    Object {
      "block_id": 16,
      "data": "0x0000000000000000000000000000000000000000000004c3ba39c5e411100000",
      "log_index": 26,
      "topics": "{0xddf252ad1be2c89b69c2b068fc378daa952ba7f163c4a11628f55a4df523b3ef,0x0000000000000000000000002cedf8de3933d71c77bf3c08b8d1af32545d9b0d,0x00000000000000000000000039755357759ce0d7f32dc8dc45414cca409ae24e}",
    },
    Object {
      "block_id": 16,
      "data": "0x000000000000000000000000000000000000000000000077545571e6dc928000",
      "log_index": 32,
      "topics": "{0xddf252ad1be2c89b69c2b068fc378daa952ba7f163c4a11628f55a4df523b3ef,0x00000000000000000000000039755357759ce0d7f32dc8dc45414cca409ae24e,0x000000000000000000000000ad9eb619ce1033cc710d9f9806a2330f85875f22}",
    },
    Object {
      "block_id": 16,
      "data": "0x0000000000000000000000000000000000000000000000b93b66867c2be86000",
      "log_index": 117,
      "topics": "{0xddf252ad1be2c89b69c2b068fc378daa952ba7f163c4a11628f55a4df523b3ef,0x000000000000000000000000048a81d4ab58a7670308f0d6728a0bf825c6ae5f,0x000000000000000000000000f5dce57282a584d2746faf1593d3121fcac444dc}",
    },
    Object {
      "block_id": 17,
      "data": "0x0000000000000000000000000000000000000000000000b8c57075851d166000",
      "log_index": 151,
      "topics": "{0xddf252ad1be2c89b69c2b068fc378daa952ba7f163c4a11628f55a4df523b3ef,0x000000000000000000000000fcd34c86de414b955c41239cff04cd67c04417d0,0x000000000000000000000000f5dce57282a584d2746faf1593d3121fcac444dc}",
    },
    Object {
      "block_id": 20,
      "data": "0x0000000000000000000000000000000000000000000004c3ba39c5e411100000",
      "log_index": 63,
      "topics": "{0xddf252ad1be2c89b69c2b068fc378daa952ba7f163c4a11628f55a4df523b3ef,0x0000000000000000000000002cedf8de3933d71c77bf3c08b8d1af32545d9b0d,0x00000000000000000000000039755357759ce0d7f32dc8dc45414cca409ae24e}",
    },
    Object {
      "block_id": 21,
      "data": "0x000000000000000000000000000000000000000000000006debf41b4350474d0",
      "log_index": 121,
      "topics": "{0xddf252ad1be2c89b69c2b068fc378daa952ba7f163c4a11628f55a4df523b3ef,0x000000000000000000000000802275979b020f0ec871c5ec1db6e412b72ff20b,0x000000000000000000000000af38668f4719ecf9452dc0300be3f6c83cbf3721}",
    },
    Object {
      "block_id": 21,
      "data": "0x000000000000000000000000000000000000000000000006debf41b4350474d0",
      "log_index": 127,
      "topics": "{0xddf252ad1be2c89b69c2b068fc378daa952ba7f163c4a11628f55a4df523b3ef,0x000000000000000000000000af38668f4719ecf9452dc0300be3f6c83cbf3721,0x000000000000000000000000521550e569bc80f1b4957c4f3fd3d677d9ca31f1}",
    },
    Object {
      "block_id": 21,
      "data": "0x0000000000000000000000000000000000000000000000000000000000000000",
      "log_index": 129,
      "topics": "{0x8c5be1e5ebec7d5bd14f71427d1e84f3dd0314c0f7b2291e5b200ac8c7c3b925,0x000000000000000000000000521550e569bc80f1b4957c4f3fd3d677d9ca31f1,0x000000000000000000000000818e6fecd516ecc3849daf6845e3ec868087b755}",
    },
    Object {
      "block_id": 21,
      "data": "0x000000000000000000000000000000000000000000000006debf41b4350474d0",
      "log_index": 130,
      "topics": "{0x8c5be1e5ebec7d5bd14f71427d1e84f3dd0314c0f7b2291e5b200ac8c7c3b925,0x000000000000000000000000521550e569bc80f1b4957c4f3fd3d677d9ca31f1,0x000000000000000000000000818e6fecd516ecc3849daf6845e3ec868087b755}",
    },
    Object {
      "block_id": 21,
      "data": "0x000000000000000000000000000000000000000000000006debf41b4350474d0",
      "log_index": 131,
      "topics": "{0xddf252ad1be2c89b69c2b068fc378daa952ba7f163c4a11628f55a4df523b3ef,0x000000000000000000000000521550e569bc80f1b4957c4f3fd3d677d9ca31f1,0x0000000000000000000000009ae49c0d7f8f9ef4b864e004fe86ac8294e20950}",
    },
    Object {
      "block_id": 21,
      "data": "0x000000000000000000000000000000000000000000000006debf41b4350474d0",
      "log_index": 132,
      "topics": "{0xddf252ad1be2c89b69c2b068fc378daa952ba7f163c4a11628f55a4df523b3ef,0x0000000000000000000000009ae49c0d7f8f9ef4b864e004fe86ac8294e20950,0x00000000000000000000000004a487afd662c4f9deacc07a7b10cfb686b682a4}",
    },
    Object {
      "block_id": 27,
      "data": "0x000000000000000000000000000000000000000000000078aa92ca7cbaa79880",
      "log_index": 70,
      "topics": "{0xddf252ad1be2c89b69c2b068fc378daa952ba7f163c4a11628f55a4df523b3ef,0x0000000000000000000000002075fd8f519895e488fd3b3dab1d41381a1d9ab1,0x000000000000000000000000ad9eb619ce1033cc710d9f9806a2330f85875f22}",
    },
    Object {
      "block_id": 27,
      "data": "0x0000000000000000000000000000000000000000000001e4923525ac2450c000",
      "log_index": 75,
      "topics": "{0xddf252ad1be2c89b69c2b068fc378daa952ba7f163c4a11628f55a4df523b3ef,0x0000000000000000000000002075fd8f519895e488fd3b3dab1d41381a1d9ab1,0x000000000000000000000000b3fa5ba98fdb56e493c4c362920289a42948294e}",
    },
    Object {
      "block_id": 29,
      "data": "0x0000000000000000000000000000000000000000000008c9e8c18e3bd25e4a56",
      "log_index": 49,
      "topics": "{0xddf252ad1be2c89b69c2b068fc378daa952ba7f163c4a11628f55a4df523b3ef,0x000000000000000000000000b3fa5ba98fdb56e493c4c362920289a42948294e,0x000000000000000000000000d5279d899b0a04b267d07ac63618ebbced392475}",
    },
    Object {
      "block_id": 30,
      "data": "0x000000000000000000000000000000000000000000000039d94a81cf6af881cd",
      "log_index": 94,
      "topics": "{0xddf252ad1be2c89b69c2b068fc378daa952ba7f163c4a11628f55a4df523b3ef,0x00000000000000000000000039755357759ce0d7f32dc8dc45414cca409ae24e,0x000000000000000000000000ab33e884ec8fed4f5867246e4300228f3d666561}",
    },
    Object {
      "block_id": 30,
      "data": "0x000000000000000000000000000000000000000000000039d94a81cf6af881cd",
      "log_index": 98,
      "topics": "{0xddf252ad1be2c89b69c2b068fc378daa952ba7f163c4a11628f55a4df523b3ef,0x000000000000000000000000ab33e884ec8fed4f5867246e4300228f3d666561,0x0000000000000000000000001e0447b19bb6ecfdae1e4ae1694b0c3659614e4e}",
    },
    Object {
      "block_id": 34,
      "data": "0x0000000000000000000000000000000000000000000000e7287f36ec88bc0813",
      "log_index": 15,
      "topics": "{0xddf252ad1be2c89b69c2b068fc378daa952ba7f163c4a11628f55a4df523b3ef,0x00000000000000000000000004a487afd662c4f9deacc07a7b10cfb686b682a4,0x0000000000000000000000009ae49c0d7f8f9ef4b864e004fe86ac8294e20950}",
    },
    Object {
      "block_id": 34,
      "data": "0x0000000000000000000000000000000000000000000000e7287f36ec88bc0813",
      "log_index": 17,
      "topics": "{0xddf252ad1be2c89b69c2b068fc378daa952ba7f163c4a11628f55a4df523b3ef,0x0000000000000000000000009ae49c0d7f8f9ef4b864e004fe86ac8294e20950,0x000000000000000000000000a6e8e242a6bbdb87765edb408530348b4f51030b}",
    },
    Object {
      "block_id": 36,
      "data": "0x0000000000000000000000000000000000000000000000168796433ebe7e7feb",
      "log_index": 97,
      "topics": "{0xddf252ad1be2c89b69c2b068fc378daa952ba7f163c4a11628f55a4df523b3ef,0x00000000000000000000000039755357759ce0d7f32dc8dc45414cca409ae24e,0x00000000000000000000000087188f2a08a88784a9abbc6516075e3ff32f9b40}",
    },
    Object {
      "block_id": 36,
      "data": "0x0000000000000000000000000000000000000000000000168796433ebe7e7feb",
      "log_index": 101,
      "topics": "{0xddf252ad1be2c89b69c2b068fc378daa952ba7f163c4a11628f55a4df523b3ef,0x00000000000000000000000087188f2a08a88784a9abbc6516075e3ff32f9b40,0x00000000000000000000000081da4f0bcea8d330d790da28bf5349d29ad51fda}",
    },
    Object {
      "block_id": 37,
      "data": "0x0000000000000000000000000000000000000000000002bab52447e2666a6e00",
      "log_index": 43,
      "topics": "{0xddf252ad1be2c89b69c2b068fc378daa952ba7f163c4a11628f55a4df523b3ef,0x00000000000000000000000039755357759ce0d7f32dc8dc45414cca409ae24e,0x000000000000000000000000b3fa5ba98fdb56e493c4c362920289a42948294e}",
    },
    Object {
      "block_id": 37,
      "data": "0x0000000000000000000000000000000000000000000002bab5244966fe916000",
      "log_index": 50,
      "topics": "{0xddf252ad1be2c89b69c2b068fc378daa952ba7f163c4a11628f55a4df523b3ef,0x000000000000000000000000b3fa5ba98fdb56e493c4c362920289a42948294e,0x00000000000000000000000039755357759ce0d7f32dc8dc45414cca409ae24e}",
    },
  ],
}
`;
